2026-10-07 07:00:02 ET | avvio; scarto orologio rispetto ad Alpaca +0.1s
2026-10-07 07:00:05 ET | banda da 14 sedute; chiusura precedente (2026-10-06) 759.61; azioni 82
2026-10-07 10:01:04 ET | controllo 10:00: prezzo 753.65 banda 751.59-761.81 VWAP 753.22 posizione 0 segnale 0
2026-10-07 10:31:05 ET | controllo 10:30: prezzo 753.92 banda 750.54-762.87 VWAP 753.48 posizione 0 segnale 0
2026-10-07 11:01:05 ET | controllo 11:00: prezzo 754.12 banda 750.65-762.76 VWAP 753.60 posizione 0 segnale 0
2026-10-07 11:31:05 ET | controllo 11:30: prezzo 754.88 banda 750.39-763.02 VWAP 753.78 posizione 0 segnale 0
2026-10-07 11:31:09 ET | diario su GitHub non inviato: remote: fatal error in commit_refs        
To github.com:GabrieleSozio/AI-Trading.git
 ! [remote rejected] HEAD -> noise-bot-journal (failure)
error: push di alcuni riferimenti su 'github.com:Gabriele
2026-10-07 12:01:04 ET | controllo 12:00: prezzo 756.35 banda 750.32-763.09 VWAP 754.30 posizione 0 segnale 0
2026-10-07 12:31:04 ET | controllo 12:30: prezzo 756.03 banda 750.22-763.19 VWAP 754.44 posizione 0 segnale 0
2026-10-07 13:01:04 ET | controllo 13:00: barra mancante
2026-10-07 13:01:12 ET | diario su GitHub non inviato: remote: Internal Server Error        
remote: Request ID F3ED:E4345:32D8B4:39AA9C:6AC67AD1        
remote: Time 2026-10-07T17:01:12Z
To github.com:GabrieleSozio/AI-Trading.git
 ! [remote rejected] HEA
2026-10-07 13:31:04 ET | controllo 13:30: prezzo 757.00 banda 750.01-763.40 VWAP 754.74 posizione 0 segnale 0
2026-10-07 14:01:04 ET | controllo 14:00: prezzo 756.69 banda 750.23-763.17 VWAP 754.87 posizione 0 segnale 0
2026-10-07 14:31:05 ET | controllo 14:30: prezzo 757.57 banda 750.07-763.34 VWAP 754.99 posizione 0 segnale 0
2026-10-07 15:01:05 ET | controllo 15:00: prezzo 757.32 banda 750.13-763.27 VWAP 755.14 posizione 0 segnale 0
